 Network screenshot-api_default Creating 
 Network screenshot-api_default Created 
 Volume screenshot-api_data Creating 
 Volume screenshot-api_data Created 
 Container screenshot-api-worker1-1 Creating 
 Container screenshot-api-api1-1 Creating 
 Container screenshot-api-healthd-1 Creating 
 Container screenshot-api-healthd-1 Created 
 Container screenshot-api-worker1-1 Created 
 Container screenshot-api-api1-1 Created 
 Container screenshot-api-healthd-1 Starting 
 Container screenshot-api-api1-1 Starting 
 Container screenshot-api-worker1-1 Starting 
 Container screenshot-api-api1-1 Started 
 Container screenshot-api-worker1-1 Started 
 Container screenshot-api-healthd-1 Started 
 Container screenshot-api-healthd-1 Stopping 
 Container screenshot-api-api1-1 Stopping 
 Container screenshot-api-worker1-1 Stopping 
 Container screenshot-api-healthd-1 Stopped 
 Container screenshot-api-healthd-1 Removing 
 Container screenshot-api-api1-1 Stopped 
 Container screenshot-api-api1-1 Removing 
 Container screenshot-api-worker1-1 Stopped 
 Container screenshot-api-worker1-1 Removing 
 Container screenshot-api-healthd-1 Removed 
 Container screenshot-api-worker1-1 Removed 
 Container screenshot-api-api1-1 Removed 
 Network screenshot-api_default Removing 
 Network screenshot-api_default Removed 
