[14:45:52] CI 流水线启动 | BUILD=20260914144552 | 阶段: push -> build -> test -> scan
[14:45:52] ========== 阶段 push (代码推送) 开始 ==========
[14:45:52] [PASS] 已提交变更
[14:45:52] [PASS] push 成功 -> fed2e3a
[14:45:52] ---------- 阶段 push (代码推送) 耗时 61ms ----------
[14:45:52] ========== 阶段 build (Docker 镜像构建) 开始 ==========
#0 building with "default" instance using docker driver

#1 [internal] load build definition from Dockerfile
#1 transferring dockerfile: 456B done
#1 DONE 0.0s

#2 [internal] load metadata for docker.io/library/python:3.12-slim
#2 DONE 0.1s

#3 [internal] load .dockerignore
#3 transferring context: 113B done
#3 DONE 0.0s

#4 [1/4] FROM docker.io/library/python:3.12-slim@sha256:78387bc3881b8273120a12ebe6c1ab22b018ccc2c9adf565ae1ac9b536e184ea
#4 resolve docker.io/library/python:3.12-slim@sha256:78387bc3881b8273120a12ebe6c1ab22b018ccc2c9adf565ae1ac9b536e184ea 0.0s done
#4 DONE 0.0s

#5 [internal] load build context
#5 transferring context: 93B done
#5 DONE 0.0s

#6 [2/4] WORKDIR /app
#6 CACHED

#7 [3/4] COPY . /app
#7 DONE 0.0s

#8 [4/4] RUN useradd -m -u 10001 appuser  && mkdir -p /app/logs /app/uploads  && chown -R appuser /app
#8 DONE 0.2s

#9 exporting to image
#9 exporting layers 0.1s done
#9 exporting manifest sha256:4ec32a01fc7d8818f62b488ba7ef44f47a649aae96bcf893d14b993d1cbc4212 done
#9 exporting config sha256:be5c60a1effcc72a29d40b941f35e4d6e9b563e104d7ebc1d64238d78b63997c done
#9 exporting attestation manifest sha256:8458735d691cda784653dbcd35036bbe5c596179d231d8d655b576e8094bcb6f 0.0s done
#9 exporting manifest list sha256:7456e632e3282fd98e989feeef9f910836f6890e7c072fad9c4996c14e39aaa4
#9 exporting manifest list sha256:7456e632e3282fd98e989feeef9f910836f6890e7c072fad9c4996c14e39aaa4 done
#9 naming to docker.io/library/screenshot-api:20260914144552 done
#9 unpacking to docker.io/library/screenshot-api:20260914144552 0.0s done
#9 naming to docker.io/library/screenshot-api:latest done
#9 unpacking to docker.io/library/screenshot-api:latest done
#9 DONE 0.2s
[14:45:53] [PASS] 镜像构建成功 screenshot-api:20260914144552
[14:45:53] ---------- 阶段 build (Docker 镜像构建) 耗时 856ms ----------
[14:45:53] ========== 阶段 test (容器内单元测试) 开始 ==========
Traceback (most recent call last):
  File "<frozen runpy>", line 198, in _run_module_as_main
  File "<frozen runpy>", line 88, in _run_code
  File "/usr/local/lib/python3.12/unittest/__main__.py", line 18, in <module>
    main(module=None)
  File "/usr/local/lib/python3.12/unittest/main.py", line 104, in __init__
    self.parseArgs(argv)
  File "/usr/local/lib/python3.12/unittest/main.py", line 130, in parseArgs
    self._do_discovery(argv[2:])
  File "/usr/local/lib/python3.12/unittest/main.py", line 253, in _do_discovery
    self.createTests(from_discovery=True, Loader=Loader)
  File "/usr/local/lib/python3.12/unittest/main.py", line 160, in createTests
    self.test = loader.discover(self.start, self.pattern, self.top)
                ^^^^^^^^^^^^^^^^^^^^^^^^^^^^^^^^^^^^^^^^^^^^^^^^^^^
  File "/usr/local/lib/python3.12/unittest/loader.py", line 308, in discover
    raise ImportError('Start directory is not importable: %r' % start_dir)
ImportError: Start directory is not importable: 'tests'
[14:45:53] [FAIL] 单元测试失败，详见 /home/ubuntu/screenshot-api/ci/reports/ci-20260914144552.log
[14:45:53] ---------- 阶段 test (容器内单元测试) 耗时 606ms ----------
